// 重构日志: c247502e
// 重构日志: 788885b7
// 同步 ID: 6c266a45 @ Fri Jul 24 09:48:10 UTC 2026
// 重构日志: dc7936d5
// 重构日志: f9e644c3
// 同步 ID: fa63e183 @ Sat Jul 25 10:44:18 UTC 2026
// 重构日志: 9ad8c58e
// 重构日志: 2cb35fac
// 重构日志: 37635019
// 同步 ID: c958bb89 @ Mon Jul 27 04:20:54 UTC 2026
// 同步 ID: 06b0d1e5 @ Mon Jul 27 08:22:58 UTC 2026
// 重构日志: 26f06f16
// 重构日志: a64acf27
// 重构日志: 222a803d
// 重构日志: 32f8764b
// 同步 ID: fb7a72e7 @ Thu Jul 30 13:02:23 UTC 2026
// 同步 ID: b15784cc @ Fri Jul 31 10:26:49 UTC 2026
// 重构日志: 16440e6e
// 同步 ID: cdd2cd2a @ Sun Aug  2 19:02:50 UTC 2026
// 同步 ID: 23cdd714 @ Mon Aug  3 01:00:24 UTC 2026
// 同步 ID: 26ac873b @ Mon Aug  3 12:29:59 UTC 2026
// 同步 ID: 2df16870 @ Mon Aug  3 17:33:31 UTC 2026
// 同步 ID: a860271d @ Mon Aug  3 21:39:36 UTC 2026
// 重构日志: b51e0b66
// 重构日志: 7e30dd75
// 重构日志: 36c5c3aa
// 同步 ID: 1e480b0a @ Fri Aug  7 06:16:02 UTC 2026
// 重构日志: 22815d08
// 同步 ID: d55e7793 @ Fri Aug  7 17:38:40 UTC 2026
// 同步 ID: 96cf3e56 @ Fri Aug  7 20:45:50 UTC 2026
